2809376000: board.memory.mem_ctrl: --> [PIMMemCtrl] REG_SIZE empfangen! Wert: 16384
2809449000: board.memory.mem_ctrl: --> [PIMMemCtrl] REG_ELEM_BYTES empfangen! Wert: 4
2809464500: board.memory.mem_ctrl: --> [PIMMemCtrl] REG_COMMAND empfangen! Befehl: 1. Leite an PIMDRAMInterface weiter.
2809464500: board.memory.mem_ctrl.dram: --> Vector Size (# elements):      16384
2809464500: board.memory.mem_ctrl.dram: --> Bytes per element:             4
2809464500: board.memory.mem_ctrl.dram: --> Total size of both vectors:    0.125000 MiB
2809464500: board.memory.mem_ctrl.dram: --> tClock:                        1250 Ticks
2809464500: board.memory.mem_ctrl.dram: --> Bus Width / Burst Length:      16 Bit / BL32
2809464500: board.memory.mem_ctrl.dram: --> Calculated Burst Size:         64 Bytes
2809464500: board.memory.mem_ctrl.dram: --> Active Bank-Groups:            4
2809464500: board.memory.mem_ctrl.dram: --> Elements per Bank-Group:       4096
2809464500: board.memory.mem_ctrl.dram: --> Bursts per BG:                 256
2809464500: board.memory.mem_ctrl.dram: --> # first overall bursts:        1
2809464500: board.memory.mem_ctrl.dram: --> # first bursts in new line:    7
2809464500: board.memory.mem_ctrl.dram: --> # next bursts in line:         247
2809464500: board.memory.mem_ctrl.dram: --> # last bursts:                 1
2809464500: board.memory.mem_ctrl.dram: --> Required Row Changes:          7
2809464500: board.memory.mem_ctrl.dram: ----------------- Protocol Timings (Ticks) -----------------
2809464500: board.memory.mem_ctrl.dram: --> tCK: 1250 | tCCD_L: 10000 | tBURST: 7500 | tRTW: 1250 | tWTR_L: 12000
2809464500: board.memory.mem_ctrl.dram: --> tRCD: 18000 | tRP: 18000 | tWR: 34000 | tPPD: 2500 | tRRD_L: 5000
2809464500: board.memory.mem_ctrl.dram: ----------------- Phase Latencies -----------------
2809464500: board.memory.mem_ctrl.dram: --> Time first overall burst:      44250 / 96250 Ticks (best/worst case)
2809464500: board.memory.mem_ctrl.dram: --> Time burst in open line:       38250 Ticks
2809464500: board.memory.mem_ctrl.dram: --> Time burst row change:         86250 Ticks
2809464500: board.memory.mem_ctrl.dram: --> Time last overall burst:       38250 Ticks
2809464500: board.memory.mem_ctrl.dram: ------------------- Final Results -------------------
2809464500: board.memory.mem_ctrl.dram: --> PIM-LATENCY (BEST CASE):       10134000 Ticks = 0.010134 ms
2809464500: board.memory.mem_ctrl.dram: --> PIM-LATENCY (WORST CASE):      10186000 Ticks = 0.010186 ms
2809464500: board.memory.mem_ctrl.dram: ==========================================================
2809464500: board.memory.mem_ctrl.dram: --> PIM Event Scheduled bei Sim-Tick: 2809464500 Ticks
2809464500: board.memory.mem_ctrl.dram: --> Geplantes Ende bei: 2819598500 Ticks (+10134000)
2809464500: board.memory.mem_ctrl: --> [PIMMemCtrl] Hardware wird bei Tick 2819598500 bereit sein.
2809480000: board.memory.mem_ctrl: --> [PIMMemCtrl] REG_COMMAND Lese-Zugriff erkannt bei Tick 2809480000
2809480000: board.memory.mem_ctrl: --> [PIMMemCtrl] Hardware beschäftigt! CPU schläft für 10118500 Ticks.
2819598500: board.memory.mem_ctrl: --> [PIMMemCtrl] Zeit um! Wecke CPU auf.
2819598500: board.memory.mem_ctrl.dram: --> PIM-Berechnung im Speicher abgeschlossen bei Tick: 2819598500
