2812877000: board.memory.mem_ctrl: --> [PIMMemCtrl] REG_SIZE empfangen! Wert: 4194304
2812950000: board.memory.mem_ctrl: --> [PIMMemCtrl] REG_ELEM_BYTES empfangen! Wert: 4
2812965500: board.memory.mem_ctrl: --> [PIMMemCtrl] REG_COMMAND empfangen! Befehl: 1. Leite an PIMDRAMInterface weiter.
2812965500: board.memory.mem_ctrl.dram: --> Vector Size (# elements):      4194304
2812965500: board.memory.mem_ctrl.dram: --> Bytes per element:             4
2812965500: board.memory.mem_ctrl.dram: --> Total size of both vectors:    32.000000 MiB
2812965500: board.memory.mem_ctrl.dram: --> tClock:                        1250 Ticks
2812965500: board.memory.mem_ctrl.dram: --> Bus Width / Burst Length:      16 Bit / BL32
2812965500: board.memory.mem_ctrl.dram: --> Calculated Burst Size:         64 Bytes
2812965500: board.memory.mem_ctrl.dram: --> Active Bank-Groups:            4
2812965500: board.memory.mem_ctrl.dram: --> Elements per Bank-Group:       1048576
2812965500: board.memory.mem_ctrl.dram: --> Bursts per BG:                 65536
2812965500: board.memory.mem_ctrl.dram: --> # first overall bursts:        1
2812965500: board.memory.mem_ctrl.dram: --> # first bursts in new line:    2047
2812965500: board.memory.mem_ctrl.dram: --> # next bursts in line:         63487
2812965500: board.memory.mem_ctrl.dram: --> # last bursts:                 1
2812965500: board.memory.mem_ctrl.dram: --> Required Row Changes:          2047
2812965500: board.memory.mem_ctrl.dram: ----------------- Protocol Timings (Ticks) -----------------
2812965500: board.memory.mem_ctrl.dram: --> tCK: 1250 | tCCD_L: 10000 | tBURST: 7500 | tRTW: 1250 | tWTR_L: 12000
2812965500: board.memory.mem_ctrl.dram: --> tRCD: 18000 | tRP: 18000 | tWR: 34000 | tPPD: 2500 | tRRD_L: 5000
2812965500: board.memory.mem_ctrl.dram: ----------------- Phase Latencies -----------------
2812965500: board.memory.mem_ctrl.dram: --> Time first overall burst:      44250 / 96250 Ticks (best/worst case)
2812965500: board.memory.mem_ctrl.dram: --> Time burst in open line:       38250 Ticks
2812965500: board.memory.mem_ctrl.dram: --> Time burst row change:         86250 Ticks
2812965500: board.memory.mem_ctrl.dram: --> Time last overall burst:       38250 Ticks
2812965500: board.memory.mem_ctrl.dram: ------------------- Final Results -------------------
2812965500: board.memory.mem_ctrl.dram: --> PIM-LATENCY (BEST CASE):       2605014000 Ticks = 2.605014 ms
2812965500: board.memory.mem_ctrl.dram: --> PIM-LATENCY (WORST CASE):      2605066000 Ticks = 2.605066 ms
2812965500: board.memory.mem_ctrl.dram: ==========================================================
2812965500: board.memory.mem_ctrl.dram: --> PIM Event Scheduled bei Sim-Tick: 2812965500 Ticks
2812965500: board.memory.mem_ctrl.dram: --> Geplantes Ende bei: 5417979500 Ticks (+2605014000)
2812965500: board.memory.mem_ctrl: --> [PIMMemCtrl] Hardware wird bei Tick 5417979500 bereit sein.
2812981000: board.memory.mem_ctrl: --> [PIMMemCtrl] REG_COMMAND Lese-Zugriff erkannt bei Tick 2812981000
2812981000: board.memory.mem_ctrl: --> [PIMMemCtrl] Hardware beschäftigt! CPU schläft für 2604998500 Ticks.
5417979500: board.memory.mem_ctrl: --> [PIMMemCtrl] Zeit um! Wecke CPU auf.
5417979500: board.memory.mem_ctrl.dram: --> PIM-Berechnung im Speicher abgeschlossen bei Tick: 5417979500
