2808426500: board.memory.mem_ctrl: --> [PIMMemCtrl] REG_SIZE empfangen! Wert: 512
2808499500: board.memory.mem_ctrl: --> [PIMMemCtrl] REG_ELEM_BYTES empfangen! Wert: 4
2808515000: board.memory.mem_ctrl: --> [PIMMemCtrl] REG_COMMAND empfangen! Befehl: 1. Leite an PIMDRAMInterface weiter.
2808515000: board.memory.mem_ctrl.dram: --> Vector Size (# elements):      512
2808515000: board.memory.mem_ctrl.dram: --> Bytes per element:             4
2808515000: board.memory.mem_ctrl.dram: --> Total size of both vectors:    0.003906 MiB
2808515000: board.memory.mem_ctrl.dram: --> tClock:                        1250 Ticks
2808515000: board.memory.mem_ctrl.dram: --> Bus Width / Burst Length:      16 Bit / BL32
2808515000: board.memory.mem_ctrl.dram: --> Calculated Burst Size:         64 Bytes
2808515000: board.memory.mem_ctrl.dram: --> Active Bank-Groups:            4
2808515000: board.memory.mem_ctrl.dram: --> Elements per Bank-Group:       128
2808515000: board.memory.mem_ctrl.dram: --> Bursts per BG:                 8
2808515000: board.memory.mem_ctrl.dram: --> # first overall bursts:        1
2808515000: board.memory.mem_ctrl.dram: --> # first bursts in new line:    0
2808515000: board.memory.mem_ctrl.dram: --> # next bursts in line:         6
2808515000: board.memory.mem_ctrl.dram: --> # last bursts:                 1
2808515000: board.memory.mem_ctrl.dram: --> Required Row Changes:          0
2808515000: board.memory.mem_ctrl.dram: ----------------- Protocol Timings (Ticks) -----------------
2808515000: board.memory.mem_ctrl.dram: --> tCK: 1250 | tCCD_L: 10000 | tBURST: 7500 | tRTW: 1250 | tWTR_L: 12000
2808515000: board.memory.mem_ctrl.dram: --> tRCD: 18000 | tRP: 18000 | tWR: 34000 | tPPD: 2500 | tRRD_L: 5000
2808515000: board.memory.mem_ctrl.dram: ----------------- Phase Latencies -----------------
2808515000: board.memory.mem_ctrl.dram: --> Time first overall burst:      44250 / 96250 Ticks (best/worst case)
2808515000: board.memory.mem_ctrl.dram: --> Time burst in open line:       38250 Ticks
2808515000: board.memory.mem_ctrl.dram: --> Time burst row change:         86250 Ticks
2808515000: board.memory.mem_ctrl.dram: --> Time last overall burst:       38250 Ticks
2808515000: board.memory.mem_ctrl.dram: ------------------- Final Results -------------------
2808515000: board.memory.mem_ctrl.dram: --> PIM-LATENCY (BEST CASE):       312000 Ticks = 0.000312 ms
2808515000: board.memory.mem_ctrl.dram: --> PIM-LATENCY (WORST CASE):      364000 Ticks = 0.000364 ms
2808515000: board.memory.mem_ctrl.dram: ==========================================================
2808515000: board.memory.mem_ctrl.dram: --> PIM Event Scheduled bei Sim-Tick: 2808515000 Ticks
2808515000: board.memory.mem_ctrl.dram: --> Geplantes Ende bei: 2808827000 Ticks (+312000)
2808515000: board.memory.mem_ctrl: --> [PIMMemCtrl] Hardware wird bei Tick 2808827000 bereit sein.
2808530500: board.memory.mem_ctrl: --> [PIMMemCtrl] REG_COMMAND Lese-Zugriff erkannt bei Tick 2808530500
2808530500: board.memory.mem_ctrl: --> [PIMMemCtrl] Hardware beschäftigt! CPU schläft für 296500 Ticks.
2808827000: board.memory.mem_ctrl: --> [PIMMemCtrl] Zeit um! Wecke CPU auf.
2808827000: board.memory.mem_ctrl.dram: --> PIM-Berechnung im Speicher abgeschlossen bei Tick: 2808827000
