2814741000: board.memory.mem_ctrl: --> [PIMMemCtrl] REG_SIZE empfangen! Wert: 16777216
2814814000: board.memory.mem_ctrl: --> [PIMMemCtrl] REG_ELEM_BYTES empfangen! Wert: 8
2814829500: board.memory.mem_ctrl: --> [PIMMemCtrl] REG_COMMAND empfangen! Befehl: 1. Leite an PIMDRAMInterface weiter.
2814829500: board.memory.mem_ctrl.dram: --> Vector Size (# elements):      16777216
2814829500: board.memory.mem_ctrl.dram: --> Bytes per element:             8
2814829500: board.memory.mem_ctrl.dram: --> Total size of both vectors:    256.000000 MiB
2814829500: board.memory.mem_ctrl.dram: --> tClock:                        1250 Ticks
2814829500: board.memory.mem_ctrl.dram: --> Bus Width / Burst Length:      16 Bit / BL32
2814829500: board.memory.mem_ctrl.dram: --> Calculated Burst Size:         64 Bytes
2814829500: board.memory.mem_ctrl.dram: --> Active Bank-Groups:            4
2814829500: board.memory.mem_ctrl.dram: --> Elements per Bank-Group:       4194304
2814829500: board.memory.mem_ctrl.dram: --> Bursts per BG:                 524288
2814829500: board.memory.mem_ctrl.dram: --> # first overall bursts:        1
2814829500: board.memory.mem_ctrl.dram: --> # first bursts in new line:    16383
2814829500: board.memory.mem_ctrl.dram: --> # next bursts in line:         507903
2814829500: board.memory.mem_ctrl.dram: --> # last bursts:                 1
2814829500: board.memory.mem_ctrl.dram: --> Required Row Changes:          16383
2814829500: board.memory.mem_ctrl.dram: ----------------- Protocol Timings (Ticks) -----------------
2814829500: board.memory.mem_ctrl.dram: --> tCK: 1250 | tCCD_L: 10000 | tBURST: 7500 | tRTW: 1250 | tWTR_L: 12000
2814829500: board.memory.mem_ctrl.dram: --> tRCD: 18000 | tRP: 18000 | tWR: 34000 | tPPD: 2500 | tRRD_L: 5000
2814829500: board.memory.mem_ctrl.dram: ----------------- Phase Latencies -----------------
2814829500: board.memory.mem_ctrl.dram: --> Time first overall burst:      44250 / 96250 Ticks (best/worst case)
2814829500: board.memory.mem_ctrl.dram: --> Time burst in open line:       38250 Ticks
2814829500: board.memory.mem_ctrl.dram: --> Time burst row change:         86250 Ticks
2814829500: board.memory.mem_ctrl.dram: --> Time last overall burst:       38250 Ticks
2814829500: board.memory.mem_ctrl.dram: ------------------- Final Results -------------------
2814829500: board.memory.mem_ctrl.dram: --> PIM-LATENCY (BEST CASE):       20840406000 Ticks = 20.840406 ms
2814829500: board.memory.mem_ctrl.dram: --> PIM-LATENCY (WORST CASE):      20840458000 Ticks = 20.840458 ms
2814829500: board.memory.mem_ctrl.dram: ==========================================================
2814829500: board.memory.mem_ctrl.dram: --> PIM Event Scheduled bei Sim-Tick: 2814829500 Ticks
2814829500: board.memory.mem_ctrl.dram: --> Geplantes Ende bei: 23655235500 Ticks (+20840406000)
2814829500: board.memory.mem_ctrl: --> [PIMMemCtrl] Hardware wird bei Tick 23655235500 bereit sein.
2814845000: board.memory.mem_ctrl: --> [PIMMemCtrl] REG_COMMAND Lese-Zugriff erkannt bei Tick 2814845000
2814845000: board.memory.mem_ctrl: --> [PIMMemCtrl] Hardware beschäftigt! CPU schläft für 20840390500 Ticks.
23655235500: board.memory.mem_ctrl: --> [PIMMemCtrl] Zeit um! Wecke CPU auf.
23655235500: board.memory.mem_ctrl.dram: --> PIM-Berechnung im Speicher abgeschlossen bei Tick: 23655235500
