2812877000: board.memory.mem_ctrl: --> [PIMMemCtrl] REG_SIZE empfangen! Wert: 1048576
2812950000: board.memory.mem_ctrl: --> [PIMMemCtrl] REG_ELEM_BYTES empfangen! Wert: 4
2812965500: board.memory.mem_ctrl: --> [PIMMemCtrl] REG_COMMAND empfangen! Befehl: 1. Leite an PIMDRAMInterface weiter.
2812965500: board.memory.mem_ctrl.dram: --> Vector Size (# elements):      1048576
2812965500: board.memory.mem_ctrl.dram: --> Bytes per element:             4
2812965500: board.memory.mem_ctrl.dram: --> Total size of both vectors:    8.000000 MiB
2812965500: board.memory.mem_ctrl.dram: --> tClock:                        1250 Ticks
2812965500: board.memory.mem_ctrl.dram: --> Bus Width / Burst Length:      16 Bit / BL32
2812965500: board.memory.mem_ctrl.dram: --> Calculated Burst Size:         64 Bytes
2812965500: board.memory.mem_ctrl.dram: --> Active Bank-Groups:            4
2812965500: board.memory.mem_ctrl.dram: --> Elements per Bank-Group:       262144
2812965500: board.memory.mem_ctrl.dram: --> Bursts per BG:                 16384
2812965500: board.memory.mem_ctrl.dram: --> # first overall bursts:        1
2812965500: board.memory.mem_ctrl.dram: --> # first bursts in new line:    511
2812965500: board.memory.mem_ctrl.dram: --> # next bursts in line:         15871
2812965500: board.memory.mem_ctrl.dram: --> # last bursts:                 1
2812965500: board.memory.mem_ctrl.dram: --> Required Row Changes:          511
2812965500: board.memory.mem_ctrl.dram: ----------------- Protocol Timings (Ticks) -----------------
2812965500: board.memory.mem_ctrl.dram: --> tCK: 1250 | tCCD_L: 10000 | tBURST: 7500 | tRTW: 1250 | tWTR_L: 12000
2812965500: board.memory.mem_ctrl.dram: --> tRCD: 18000 | tRP: 18000 | tWR: 34000 | tPPD: 2500 | tRRD_L: 5000
2812965500: board.memory.mem_ctrl.dram: ----------------- Phase Latencies -----------------
2812965500: board.memory.mem_ctrl.dram: --> Time first overall burst:      44250 / 96250 Ticks (best/worst case)
2812965500: board.memory.mem_ctrl.dram: --> Time burst in open line:       38250 Ticks
2812965500: board.memory.mem_ctrl.dram: --> Time burst row change:         86250 Ticks
2812965500: board.memory.mem_ctrl.dram: --> Time last overall burst:       38250 Ticks
2812965500: board.memory.mem_ctrl.dram: ------------------- Final Results -------------------
2812965500: board.memory.mem_ctrl.dram: --> PIM-LATENCY (BEST CASE):       651222000 Ticks = 0.651222 ms
2812965500: board.memory.mem_ctrl.dram: --> PIM-LATENCY (WORST CASE):      651274000 Ticks = 0.651274 ms
2812965500: board.memory.mem_ctrl.dram: ==========================================================
2812965500: board.memory.mem_ctrl.dram: --> PIM Event Scheduled bei Sim-Tick: 2812965500 Ticks
2812965500: board.memory.mem_ctrl.dram: --> Geplantes Ende bei: 3464187500 Ticks (+651222000)
2812965500: board.memory.mem_ctrl: --> [PIMMemCtrl] Hardware wird bei Tick 3464187500 bereit sein.
2812981000: board.memory.mem_ctrl: --> [PIMMemCtrl] REG_COMMAND Lese-Zugriff erkannt bei Tick 2812981000
2812981000: board.memory.mem_ctrl: --> [PIMMemCtrl] Hardware beschäftigt! CPU schläft für 651206500 Ticks.
3464187500: board.memory.mem_ctrl: --> [PIMMemCtrl] Zeit um! Wecke CPU auf.
3464187500: board.memory.mem_ctrl.dram: --> PIM-Berechnung im Speicher abgeschlossen bei Tick: 3464187500
